_json
ExtensionFileLoader
True
True
True
_decimal
ExtensionFileLoader
True
True
True
_hashlib
ExtensionFileLoader
True
True
True
_bz2
ExtensionFileLoader
True
True
True
_zoneinfo
ExtensionFileLoader
True
True
True
True
4.00
Decimal
ba7816bf8f01cfea414140de5dae2223b00361a396177a9cb410ff61f20015ad
b'abc'
UTC
InvalidOperation
True
_decimal
ExtensionFileLoader
True
